
install git on your machine
- https//www.git-scm.com

Microsoft Windows [Version 10.0.19045.5131]
(c) Microsoft Corporation. All rights reserved.

C:\Users\HELLO>git
usage: git [-v | --version] [-h | --help] [-C <path>] [-c <name>=<value>]
           [--exec-path[=<path>]] [--html-path] [--man-path] [--info-path]
           [-p | --paginate | -P | --no-pager] [--no-replace-objects] [--no-lazy-fetch]
           [--no-optional-locks] [--no-advice] [--bare] [--git-dir=<path>]
           [--work-tree=<path>] [--namespace=<name>] [--config-env=<name>=<envvar>]
           <command> [<args>]

These are common Git commands used in various situations:

start a working area (see also: git help tutorial)
   clone      Clone a repository into a new directory
   init       Create an empty Git repository or reinitialize an existing one

work on the current change (see also: git help everyday)
   add        Add file contents to the index
   mv         Move or rename a file, a directory, or a symlink
   restore    Restore working tree files
   rm         Remove files from the working tree and from the index

examine the history and state (see also: git help revisions)
   bisect     Use binary search to find the commit that introduced a bug
   diff       Show changes between commits, commit and working tree, etc
   grep       Print lines matching a pattern
   log        Show commit logs
   show       Show various types of objects
   status     Show the working tree status

grow, mark and tweak your common history
   backfill   Download missing objects in a partial clone
   branch     List, create, or delete branches
   commit     Record changes to the repository
   merge      Join two or more development histories together
   rebase     Reapply commits on top of another base tip
   reset      Reset current HEAD to the specified state
   switch     Switch branches
   tag        Create, list, delete or verify a tag object signed with GPG

collaborate (see also: git help workflows)
   fetch      Download objects and refs from another repository
   pull       Fetch from and integrate with another repository or a local branch
   push       Update remote refs along with associated objects

'git help -a' and 'git help -g' list available subcommands and some
concept guides. See 'git help <command>' or 'git help <concept>'
to read about a specific subcommand or concept.
See 'git help git' for an overview of the system.


C:\Users\HELLO>git -v
git version 2.48.1.windows.1

C:\Users\HELLO>






C:\Users\HELLO>git-v
'git-v' is not recognized as an internal or external command,
operable program or batch file.

C:\Users\HELLO>git -v
git version 2.48.1.windows.1

C:\Users\HELLO>git config
error: no action specified

C:\Users\HELLO>git config
error: no action specified

C:\Users\HELLO>git config -l
diff.astextplain.textconv=astextplain
filter.lfs.clean=git-lfs clean -- %f
filter.lfs.smudge=git-lfs smudge -- %f
filter.lfs.process=git-lfs filter-process
filter.lfs.required=true
http.sslbackend=openssl
http.sslcainfo=C:/Program Files/Git/mingw64/etc/ssl/certs/ca-bundle.crt
core.autocrlf=true
core.fscache=true
core.symlinks=false
pull.rebase=false
credential.helper=manager
credential.https://dev.azure.com.usehttppath=true
init.defaultbranch=master
filter.lfs.clean=git-lfs clean -- %f
filter.lfs.smudge=git-lfs smudge -- %f
filter.lfs.process=git-lfs filter-process
filter.lfs.required=true
user.name=Ngwu Maxwell C.
user.email=96695018+NgwuMaxwell@users.noreply.github.com
credential.helper=manager

C:\Users\HELLO>git config -l --show-origin
file:C:/Program Files/Git/etc/gitconfig diff.astextplain.textconv=astextplain
file:C:/Program Files/Git/etc/gitconfig filter.lfs.clean=git-lfs clean -- %f
file:C:/Program Files/Git/etc/gitconfig filter.lfs.smudge=git-lfs smudge -- %f
file:C:/Program Files/Git/etc/gitconfig filter.lfs.process=git-lfs filter-process
file:C:/Program Files/Git/etc/gitconfig filter.lfs.required=true
file:C:/Program Files/Git/etc/gitconfig http.sslbackend=openssl
file:C:/Program Files/Git/etc/gitconfig http.sslcainfo=C:/Program Files/Git/mingw64/etc/ssl/certs/ca-bundle.crt
file:C:/Program Files/Git/etc/gitconfig core.autocrlf=true
file:C:/Program Files/Git/etc/gitconfig core.fscache=true
file:C:/Program Files/Git/etc/gitconfig core.symlinks=false
file:C:/Program Files/Git/etc/gitconfig pull.rebase=false
file:C:/Program Files/Git/etc/gitconfig credential.helper=manager
file:C:/Program Files/Git/etc/gitconfig credential.https://dev.azure.com.usehttppath=true
file:C:/Program Files/Git/etc/gitconfig init.defaultbranch=master
file:C:/Users/HELLO/.gitconfig  filter.lfs.clean=git-lfs clean -- %f
file:C:/Users/HELLO/.gitconfig  filter.lfs.smudge=git-lfs smudge -- %f
file:C:/Users/HELLO/.gitconfig  filter.lfs.process=git-lfs filter-process
file:C:/Users/HELLO/.gitconfig  filter.lfs.required=true
file:C:/Users/HELLO/.gitconfig  user.name=Ngwu Maxwell C.
file:C:/Users/HELLO/.gitconfig  user.email=96695018+NgwuMaxwell@users.noreply.github.com
file:C:/Users/HELLO/.gitconfig  credential.helper=manager

C:\Users\HELLO>notepad "C:/Users/HELLO/.gitconfig"

C:\Users\HELLO>git config --global user.email "maxchimaobingwu@gmail.com"

C:\Users\HELLO>notepad "C:/Users/HELLO/.gitconfig"

C:\Users\HELLO>git config -l --show-origin
file:C:/Program Files/Git/etc/gitconfig diff.astextplain.textconv=astextplain
file:C:/Program Files/Git/etc/gitconfig filter.lfs.clean=git-lfs clean -- %f
file:C:/Program Files/Git/etc/gitconfig filter.lfs.smudge=git-lfs smudge -- %f
file:C:/Program Files/Git/etc/gitconfig filter.lfs.process=git-lfs filter-process
file:C:/Program Files/Git/etc/gitconfig filter.lfs.required=true
file:C:/Program Files/Git/etc/gitconfig http.sslbackend=openssl
file:C:/Program Files/Git/etc/gitconfig http.sslcainfo=C:/Program Files/Git/mingw64/etc/ssl/certs/ca-bundle.crt
file:C:/Program Files/Git/etc/gitconfig core.autocrlf=true
file:C:/Program Files/Git/etc/gitconfig core.fscache=true
file:C:/Program Files/Git/etc/gitconfig core.symlinks=false
file:C:/Program Files/Git/etc/gitconfig pull.rebase=false
file:C:/Program Files/Git/etc/gitconfig credential.helper=manager
file:C:/Program Files/Git/etc/gitconfig credential.https://dev.azure.com.usehttppath=true
file:C:/Program Files/Git/etc/gitconfig init.defaultbranch=master
file:C:/Users/HELLO/.gitconfig  filter.lfs.clean=git-lfs clean -- %f
file:C:/Users/HELLO/.gitconfig  filter.lfs.smudge=git-lfs smudge -- %f
file:C:/Users/HELLO/.gitconfig  filter.lfs.process=git-lfs filter-process
file:C:/Users/HELLO/.gitconfig  filter.lfs.required=true
file:C:/Users/HELLO/.gitconfig  user.name=Ngwu Maxwell C.
file:C:/Users/HELLO/.gitconfig  user.email=maxchimaobingwu@gmail.com
file:C:/Users/HELLO/.gitconfig  credential.helper=manager

C:\Users\HELLO>