PS C:\Users\HELLO> mkdir htmlPortfolioCopy


    Directory: C:\Users\HELLO


Mode                 LastWriteTime         Length Name
----                 -------------         ------ ----
d-----          3/5/2025   2:41 PM                htmlPortfolioCopy


PS C:\Users\HELLO> cd htmlPortfolioCopy
PS C:\Users\HELLO\htmlPortfolioCopy> git clone https://github.com/NgwuMaxwell/html-portfolio.git
Cloning into 'html-portfolio'...
remote: Enumerating objects: 19, done.
remote: Counting objects: 100% (19/19), done.
remote: Compressing objects: 100% (16/16), done.
remote: Total 19 (delta 1), reused 0 (delta 0), pack-reused 0 (from 0)
Receiving objects: 100% (19/19), 276.77 KiB | 186.00 KiB/s, done.
Resolving deltas: 100% (1/1), done.
PS C:\Users\HELLO\htmlPortfolioCopy> explorer .
PS C:\Users\HELLO\htmlPortfolioCopy> git status
On branch main
Your branch is up to date with 'origin/main'.

Changes not staged for commit:
  (use "git add <file>..." to update what will be committed)
  (use "git restore <file>..." to discard changes in working directory)
        modified:   index.html
        modified:   styles.css

no changes added to commit (use "git add" and/or "git commit -a")
PS C:\Users\HELLO\htmlPortfolioCopy> git add .
PS C:\Users\HELLO\htmlPortfolioCopy> git commit -m "add edited files to repo"
[main f63b234] add edited files to repo
 2 files changed, 38 insertions(+), 21 deletions(-)
PS C:\Users\HELLO\htmlPortfolioCopy> git status
On branch main
Your branch is ahead of 'origin/main' by 1 commit.
  (use "git push" to publish your local commits)

nothing to commit, working tree clean
PS C:\Users\HELLO\htmlPortfolioCopy> git push -u origin/main
fatal: 'origin/main' does not appear to be a git repository
fatal: Could not read from remote repository.

Please make sure you have the correct access rights
and the repository exists.
PS C:\Users\HELLO\htmlPortfolioCopy> git branch
* main
PS C:\Users\HELLO\htmlPortfolioCopy> git push origin main
Enumerating objects: 7, done.
Counting objects: 100% (7/7), done.
Delta compression using up to 4 threads
Compressing objects: 100% (4/4), done.
Writing objects: 100% (4/4), 771 bytes | 771.00 KiB/s, done.
Total 4 (delta 3), reused 0 (delta 0), pack-reused 0 (from 0)
remote: Resolving deltas: 100% (3/3), completed with 3 local objects.
To https://github.com/NgwuMaxwell/html-portfolio.git
   9be3e30..f63b234  main -> main
PS C:\Users\HELLO\htmlPortfolioCopy>