Windows PowerShell
Copyright (C) Microsoft Corporation. All rights reserved.

Try the new cross-platform PowerShell https://aka.ms/pscore6

Warning: PowerShell detected that you might be using a screen reader and has disabled PSReadLine for compatibility purposes. If you want to re-enable it, run 'Import-Module PSReadLine'.


PS C:\Users\HELLO> cd MyProject
PS C:\Users\HELLO\MyProject> git pull
Already up to date.
PS C:\Users\HELLO\MyProject> notepad readme.txt
PS C:\Users\HELLO\MyProject> gitbranch
gitbranch : The term 'gitbranch' is not recognized as the name of a cmdlet, function, script file, or operable
program. Check the spelling of the name, or if a path was included, verify that the path is correct and try again.
At line:1 char:1
+ gitbranch
+ ~~~~~~~~~
    + CategoryInfo          : ObjectNotFound: (gitbranch:String) [], CommandNotFoundException
    + FullyQualifiedErrorId : CommandNotFoundException

PS C:\Users\HELLO\MyProject> git branch
  feature/middlename
* master
PS C:\Users\HELLO\MyProject> git branch feeature/AddGitHub
PS C:\Users\HELLO\MyProject> git checkout feeature/AddGitHub
Switched to branch 'feeature/AddGitHub'
PS C:\Users\HELLO\MyProject> notepad readme.txt
PS C:\Users\HELLO\MyProject> git status
On branch feeature/AddGitHub
Changes not staged for commit:
  (use "git add <file>..." to update what will be committed)
  (use "git restore <file>..." to discard changes in working directory)
        modified:   readme.txt

no changes added to commit (use "git add" and/or "git commit -a")
PS C:\Users\HELLO\MyProject> git add .
PS C:\Users\HELLO\MyProject> git commit -m "Add Github to readme"
[feeature/AddGitHub d117398] Add Github to readme
 1 file changed, 2 insertions(+), 1 deletion(-)
PS C:\Users\HELLO\MyProject> git status
On branch feeature/AddGitHub
nothing to commit, working tree clean
PS C:\Users\HELLO\MyProject> git push origin feeature/AddGitHub
Enumerating objects: 5, done.
Counting objects: 100% (5/5), done.
Delta compression using up to 4 threads
Compressing objects: 100% (3/3), done.
Writing objects: 100% (3/3), 361 bytes | 90.00 KiB/s, done.
Total 3 (delta 1), reused 0 (delta 0), pack-reused 0 (from 0)
remote: Resolving deltas: 100% (1/1), completed with 1 local object.
remote:
remote: Create a pull request for 'feeature/AddGitHub' on GitHub by visiting:
remote:      https://github.com/NgwuMaxwell/git-for-beginners-my-project/pull/new/feeature/AddGitHub
remote:
To https://github.com/NgwuMaxwell/git-for-beginners-my-project.git
 * [new branch]      feeature/AddGitHub -> feeature/AddGitHub
PS C:\Users\HELLO\MyProject>
PS C:\Users\HELLO\MyProject> git branch
  feature/middlename
* feeature/AddGitHub
  master
PS C:\Users\HELLO\MyProject> git checkout master
Switched to branch 'master'
Your branch is up to date with 'origin/master'.
PS C:\Users\HELLO\MyProject> git branch
  feature/middlename
  feeature/AddGitHub
* master
PS C:\Users\HELLO\MyProject> git merge feeature/AddGitHub
Updating 52a38a7..d117398
Fast-forward
 readme.txt | 3 ++-
 1 file changed, 2 insertions(+), 1 deletion(-)
PS C:\Users\HELLO\MyProject> git status
On branch master
Your branch is ahead of 'origin/master' by 1 commit.
  (use "git push" to publish your local commits)

nothing to commit, working tree clean
PS C:\Users\HELLO\MyProject> git push
Total 0 (delta 0), reused 0 (delta 0), pack-reused 0 (from 0)
To https://github.com/NgwuMaxwell/git-for-beginners-my-project.git
   52a38a7..d117398  master -> master
PS C:\Users\HELLO\MyProject> git branch -d feeature/AddGitHub
Deleted branch feeature/AddGitHub (was d117398).
PS C:\Users\HELLO\MyProject> git branch -d  feature/middlename
Deleted branch feature/middlename (was e77276c).
PS C:\Users\HELLO\MyProject> git branch
* master
PS C:\Users\HELLO\MyProject>