PS C:\Users\HELLO> cd MyProject
PS C:\Users\HELLO\MyProject> git status
On branch master
nothing to commit, working tree clean
PS C:\Users\HELLO\MyProject> git remote add origin https://github.com/NgwuMaxwell/git-for-beginners-my-project.git
PS C:\Users\HELLO\MyProject> git remote
origin
PS C:\Users\HELLO\MyProject> git remote -v
origin  https://github.com/NgwuMaxwell/git-for-beginners-my-project.git (fetch)
origin  https://github.com/NgwuMaxwell/git-for-beginners-my-project.git (push)
PS C:\Users\HELLO\MyProject> git remote show origin
* remote origin
  Fetch URL: https://github.com/NgwuMaxwell/git-for-beginners-my-project.git
  Push  URL: https://github.com/NgwuMaxwell/git-for-beginners-my-project.git
  HEAD branch: (unknown)
PS C:\Users\HELLO\MyProject>
PS C:\Users\HELLO\MyProject> git push -u origin main
error: src refspec main does not match any
error: failed to push some refs to 'https://github.com/NgwuMaxwell/git-for-beginners-my-project.git'
PS C:\Users\HELLO\MyProject> git push -u origin master
info: please complete authentication in your browser...
Enumerating objects: 12, done.
Counting objects: 100% (12/12), done.
Delta compression using up to 4 threads
Compressing objects: 100% (9/9), done.
Writing objects: 100% (12/12), 1.18 KiB | 301.00 KiB/s, done.
Total 12 (delta 0), reused 0 (delta 0), pack-reused 0 (from 0)
To https://github.com/NgwuMaxwell/git-for-beginners-my-project.git
 * [new branch]      master -> master
branch 'master' set up to track 'origin/master'.
PS C:\Users\HELLO\MyProject> dir


    Directory: C:\Users\HELLO\MyProject


Mode                 LastWriteTime         Length Name
----                 -------------         ------ ----
-a----         2/26/2025  10:31 PM             44 .gitignore
-a----         2/26/2025  10:12 PM              0 compiledOutput.txt
-a----         2/27/2025   3:33 PM             68 readme.txt


PS C:\Users\HELLO\MyProject> notepad readme.txt
PS C:\Users\HELLO\MyProject> git status
On branch master
Your branch is up to date with 'origin/master'.

Changes not staged for commit:
  (use "git add <file>..." to update what will be committed)
  (use "git restore <file>..." to discard changes in working directory)
        modified:   readme.txt

no changes added to commit (use "git add" and/or "git commit -a")
PS C:\Users\HELLO\MyProject>


PS C:\Users\HELLO\MyProject> git add .
PS C:\Users\HELLO\MyProject> git status
On branch master
Your branch is up to date with 'origin/master'.

Changes to be committed:
  (use "git restore --staged <file>..." to unstage)
        modified:   readme.txt

PS C:\Users\HELLO\MyProject> git commit -m "Add course name to readme title"
[master 16c4cf7] Add course name to readme title
 1 file changed, 1 insertion(+), 1 deletion(-)
PS C:\Users\HELLO\MyProject> git status
On branch master
Your branch is ahead of 'origin/master' by 1 commit.
  (use "git push" to publish your local commits)

nothing to commit, working tree clean
PS C:\Users\HELLO\MyProject> git push
Enumerating objects: 5, done.
Counting objects: 100% (5/5), done.
Delta compression using up to 4 threads
Compressing objects: 100% (3/3), done.
Writing objects: 100% (3/3), 389 bytes | 389.00 KiB/s, done.
Total 3 (delta 0), reused 0 (delta 0), pack-reused 0 (from 0)
To https://github.com/NgwuMaxwell/git-for-beginners-my-project.git
   5ee95b6..16c4cf7  master -> master
PS C:\Users\HELLO\MyProject>

PS C:\Users\HELLO\MyProject> git remote show origin
* remote origin
  Fetch URL: https://github.com/NgwuMaxwell/git-for-beginners-my-project.git
  Push  URL: https://github.com/NgwuMaxwell/git-for-beginners-my-project.git
  HEAD branch: master
  Remote branch:
    master tracked
  Local branch configured for 'git pull':
    master merges with remote master
  Local ref configured for 'git push':
    master pushes to master (up to date)
PS C:\Users\HELLO\MyProject>